# Findings Report

Reporting window: 2024-02-09T12:00:00Z — 2024-02-10T12:00:00Z (UTC)

Total findings: 2

## Totals by Severity

| Severity | Count |
| --- | ---: |
| Critical | 0 |
| High | 1 |
| Medium | 1 |
| Low | 0 |
| Informational | 0 |

## Findings by Plugin (top 5)

Showing top 2 plugins by finding volume.

| Plugin | Findings |
| --- | ---: |
| alpha | 1 |
| beta | 1 |

## Top 10 Targets

Showing top 2 targets by finding volume.

1. **https://a** — 1 findings
2. **https://b** — 1 findings

## Last 20 Findings

| Plugin | Target | Evidence | Detected At |
| --- | --- | --- | --- |
| alpha | https://a | alpha high | 2024-02-10T10:00:00Z |
| beta | https://b | beta medium | 2024-02-10T06:00:00Z |

